
Vishvatharani.N@Vishvatharani MINGW64 ~
$ cd Desktop

Vishvatharani.N@Vishvatharani MINGW64 ~/Desktop
$ cd WebApp

Vishvatharani.N@Vishvatharani MINGW64 ~/Desktop/WebApp
$ git init
Initialized empty Git repository in C:/Users/Vishvatharani.N/Desktop/WebApp/.git/

Vishvatharani.N@Vishvatharani MINGW64 ~/Desktop/WebApp (master)
$ git remote add origin https://github.com/vishvatharani/Webapplication.git

Vishvatharani.N@Vishvatharani MINGW64 ~/Desktop/WebApp (master)
$ git status
On branch master

No commits yet

Untracked files:
  (use "git add <file>..." to include in what will be committed)
        WebApp/
        accounts/
        assets/
        db.sqlite3
        manage.py
        templates/

nothing added to commit but untracked files present (use "git add" to track)

Vishvatharani.N@Vishvatharani MINGW64 ~/Desktop/WebApp (master)
$ git add
Nothing specified, nothing added.
hint: Maybe you wanted to say 'git add .'?
hint: Turn this message off by running
hint: "git config advice.addEmptyPathspec false"

Vishvatharani.N@Vishvatharani MINGW64 ~/Desktop/WebApp (master)
$ got add .
bash: got: command not found

Vishvatharani.N@Vishvatharani MINGW64 ~/Desktop/WebApp (master)
$ git add .

Vishvatharani.N@Vishvatharani MINGW64 ~/Desktop/WebApp (master)
$ git commit
Aborting commit due to empty commit message.

Vishvatharani.N@Vishvatharani MINGW64 ~/Desktop/WebApp (master)
$ git commit -m "second commit"
[master (root-commit) 5160232] second commit
 35 files changed, 547 insertions(+)
 create mode 100644 WebApp/__init__.py
 create mode 100644 WebApp/__pycache__/__init__.cpython-39.pyc
 create mode 100644 WebApp/__pycache__/settings.cpython-39.pyc
 create mode 100644 WebApp/__pycache__/urls.cpython-39.pyc
 create mode 100644 WebApp/__pycache__/views.cpython-39.pyc
 create mode 100644 WebApp/__pycache__/wsgi.cpython-39.pyc
 create mode 100644 WebApp/asgi.py
 create mode 100644 WebApp/settings.py
 create mode 100644 WebApp/urls.py
 create mode 100644 WebApp/views.py
 create mode 100644 WebApp/wsgi.py
 create mode 100644 accounts/__init__.py
 create mode 100644 accounts/__pycache__/__init__.cpython-39.pyc
 create mode 100644 accounts/__pycache__/admin.cpython-39.pyc
 create mode 100644 accounts/__pycache__/models.cpython-39.pyc
 create mode 100644 accounts/__pycache__/urls.cpython-39.pyc
 create mode 100644 accounts/__pycache__/views.cpython-39.pyc
 create mode 100644 accounts/admin.py
 create mode 100644 accounts/apps.py
 create mode 100644 accounts/migrations/__init__.py
 create mode 100644 accounts/migrations/__pycache__/__init__.cpython-39.pyc
 create mode 100644 accounts/models.py
 create mode 100644 accounts/tests.py
 create mode 100644 accounts/urls.py
 create mode 100644 accounts/views.py
 create mode 100644 assets/backgnd.css
 create mode 100644 assets/logo.png
 create mode 100644 assets/styles.css
 create mode 100644 db.sqlite3
 create mode 100644 manage.py
 create mode 100644 templates/about.html
 create mode 100644 templates/accounts/info.html
 create mode 100644 templates/accounts/login.html
 create mode 100644 templates/accounts/signup.html
 create mode 100644 templates/homepage.html

Vishvatharani.N@Vishvatharani MINGW64 ~/Desktop/WebApp (master)
$ git push master
fatal: 'master' does not appear to be a git repository
fatal: Could not read from remote repository.

Please make sure you have the correct access rights
and the repository exists.

Vishvatharani.N@Vishvatharani MINGW64 ~/Desktop/WebApp (master)
$ git push origin master
Logon failed, use ctrl+c to cancel basic credential prompt.
remote: Invalid username or password.
fatal: Authentication failed for 'https://github.com/vishvatharani/Webapplication.git/'

Vishvatharani.N@Vishvatharani MINGW64 ~/Desktop/WebApp (master)
$ git push origin master
Logon failed, use ctrl+c to cancel basic credential prompt.
error: unable to read askpass response from 'C:/Program Files/Git/mingw64/libexec/git-core/git-gui--askpass'
Username for 'https://github.com':
Vishvatharani.N@Vishvatharani MINGW64 ~/Desktop/WebApp (master)
$ bash: line 0: read: read error: 0: Input/output error
git push origin master
Logon failed, use ctrl+c to cancel basic credential prompt.

Vishvatharani.N@Vishvatharani MINGW64 ~/Desktop/WebApp (master)
$ git push origin master
Logon failed, use ctrl+c to cancel basic credential prompt.
Enumerating objects: 44, done.
Counting objects: 100% (44/44), done.
Delta compression using up to 8 threads
Compressing objects: 100% (42/42), done.
Writing objects: 100% (44/44), 25.40 KiB | 448.00 KiB/s, done.
Total 44 (delta 4), reused 0 (delta 0), pack-reused 0
remote: Resolving deltas: 100% (4/4), done.
To https://github.com/vishvatharani/Webapplication.git
 * [new branch]      master -> master

Vishvatharani.N@Vishvatharani MINGW64 ~/Desktop/WebApp (master)
